Host: c49
Dataset: math500
Python: /mnt/beegfs/youyang7/.conda/envs/fact/bin/python
Python 3.10.18
Mon Jul 27 20:13:07 2026       
+-----------------------------------------------------------------------------------------+
| NVIDIA-SMI 580.82.07              Driver Version: 580.82.07      CUDA Version: 13.0     |
+-----------------------------------------+------------------------+----------------------+
| GPU  Name                 Persistence-M | Bus-Id          Disp.A | Volatile Uncorr. ECC |
| Fan  Temp   Perf          Pwr:Usage/Cap |           Memory-Usage | GPU-Util  Compute M. |
|                                         |                        |               MIG M. |
|=========================================+========================+======================|
|   0  NVIDIA RTX 5000 Ada Gene...    Off |   00000000:01:00.0 Off |                  Off |
| 38%   66C    P2            226W /  250W |   15028MiB /  32760MiB |     98%      Default |
|                                         |                        |                  N/A |
+-----------------------------------------+------------------------+----------------------+
|   1  NVIDIA RTX 5000 Ada Gene...    Off |   00000000:02:00.0 Off |                  Off |
| 50%   74C    P2            225W /  250W |   14080MiB /  32760MiB |     99%      Default |
|                                         |                        |                  N/A |
+-----------------------------------------+------------------------+----------------------+
|   2  NVIDIA RTX 5000 Ada Gene...    Off |   00000000:C1:00.0 Off |                  Off |
| 33%   62C    P2            218W /  250W |   14040MiB /  32760MiB |    100%      Default |
|                                         |                        |                  N/A |
+-----------------------------------------+------------------------+----------------------+

+-----------------------------------------------------------------------------------------+
| Processes:                                                                              |
|  GPU   GI   CI              PID   Type   Process name                        GPU Memory |
|        ID   ID                                                               Usage      |
|=========================================================================================|
|    0   N/A  N/A         2634447      C   /home/sli69/Python38/bin/python         452MiB |
|    0   N/A  N/A         2653484      C   /home/sli69/Python38/bin/python       14062MiB |
|    0   N/A  N/A         2654232      C   /home/sli69/Python38/bin/python         494MiB |
|    1   N/A  N/A         2653485      C   /home/sli69/Python38/bin/python       14070MiB |
|    2   N/A  N/A         2653486      C   /home/sli69/Python38/bin/python       14030MiB |
+-----------------------------------------------------------------------------------------+
Thresholds: NLL=0.1, PRM=0.05
SC@32: 16 stable drafts plus 16 newly generated supplements per question
