Host: c49
Dataset: math500
Python: /mnt/beegfs/youyang7/.conda/envs/fact/bin/python
Python 3.10.18
Mon Jul 27 02:06:37 2026       
+-----------------------------------------------------------------------------------------+
| NVIDIA-SMI 580.82.07              Driver Version: 580.82.07      CUDA Version: 13.0     |
+-----------------------------------------+------------------------+----------------------+
| GPU  Name                 Persistence-M | Bus-Id          Disp.A | Volatile Uncorr. ECC |
| Fan  Temp   Perf          Pwr:Usage/Cap |           Memory-Usage | GPU-Util  Compute M. |
|                                         |                        |               MIG M. |
|=========================================+========================+======================|
|   0  NVIDIA RTX 5000 Ada Gene...    Off |   00000000:01:00.0 Off |                  Off |
| 32%   55C    P2            137W /  250W |    1346MiB /  32760MiB |     58%      Default |
|                                         |                        |                  N/A |
+-----------------------------------------+------------------------+----------------------+
|   1  NVIDIA RTX 5000 Ada Gene...    Off |   00000000:02:00.0 Off |                  Off |
| 41%   61C    P2            124W /  250W |    1346MiB /  32760MiB |     58%      Default |
|                                         |                        |                  N/A |
+-----------------------------------------+------------------------+----------------------+
|   2  NVIDIA RTX 5000 Ada Gene...    Off |   00000000:C1:00.0 Off |                  Off |
| 30%   49C    P2            121W /  250W |    1346MiB /  32760MiB |     66%      Default |
|                                         |                        |                  N/A |
+-----------------------------------------+------------------------+----------------------+

+-----------------------------------------------------------------------------------------+
| Processes:                                                                              |
|  GPU   GI   CI              PID   Type   Process name                        GPU Memory |
|        ID   ID                                                               Usage      |
|=========================================================================================|
|    0   N/A  N/A         1362898      C   /home/youyang7/bin/gg                  1334MiB |
|    1   N/A  N/A         1362898      C   /home/youyang7/bin/gg                  1334MiB |
|    2   N/A  N/A         1362898      C   /home/youyang7/bin/gg                  1334MiB |
+-----------------------------------------------------------------------------------------+
