Host: c49
Dataset: math500
Python: /mnt/beegfs/youyang7/.conda/envs/fact/bin/python
Python 3.10.18
Mon Jul 27 02:49:07 2026       
+-----------------------------------------------------------------------------------------+
| NVIDIA-SMI 580.82.07              Driver Version: 580.82.07      CUDA Version: 13.0     |
+-----------------------------------------+------------------------+----------------------+
| GPU  Name                 Persistence-M | Bus-Id          Disp.A | Volatile Uncorr. ECC |
| Fan  Temp   Perf          Pwr:Usage/Cap |           Memory-Usage | GPU-Util  Compute M. |
|                                         |                        |               MIG M. |
|=========================================+========================+======================|
|   0  NVIDIA RTX 5000 Ada Gene...    Off |   00000000:01:00.0 Off |                  Off |
| 37%   66C    P2            217W /  250W |   24315MiB /  32760MiB |    100%      Default |
|                                         |                        |                  N/A |
+-----------------------------------------+------------------------+----------------------+
|   1  NVIDIA RTX 5000 Ada Gene...    Off |   00000000:02:00.0 Off |                  Off |
| 48%   73C    P2            216W /  250W |   24321MiB /  32760MiB |    100%      Default |
|                                         |                        |                  N/A |
+-----------------------------------------+------------------------+----------------------+
|   2  NVIDIA RTX 5000 Ada Gene...    Off |   00000000:C1:00.0 Off |                  Off |
| 31%   61C    P2            208W /  250W |   24281MiB /  32760MiB |    100%      Default |
|                                         |                        |                  N/A |
+-----------------------------------------+------------------------+----------------------+

+-----------------------------------------------------------------------------------------+
| Processes:                                                                              |
|  GPU   GI   CI              PID   Type   Process name                        GPU Memory |
|        ID   ID                                                               Usage      |
|=========================================================================================|
|    0   N/A  N/A         1362898      C   /home/youyang7/bin/gg                  1334MiB |
|    0   N/A  N/A         2342422      C   /home/sli69/Python38/bin/python       22964MiB |
|    1   N/A  N/A         1362898      C   /home/youyang7/bin/gg                  1334MiB |
|    1   N/A  N/A         2342423      C   /home/sli69/Python38/bin/python       22970MiB |
|    2   N/A  N/A         1362898      C   /home/youyang7/bin/gg                  1334MiB |
|    2   N/A  N/A         2342424      C   /home/sli69/Python38/bin/python       22930MiB |
+-----------------------------------------------------------------------------------------+
