Running on c49
/mnt/beegfs/youyang7/.conda/envs/fact/bin/python
Python 3.10.18
Wed May  6 21:57:52 2026       
+-----------------------------------------------------------------------------------------+
| NVIDIA-SMI 580.82.07              Driver Version: 580.82.07      CUDA Version: 13.0     |
+-----------------------------------------+------------------------+----------------------+
| GPU  Name                 Persistence-M | Bus-Id          Disp.A | Volatile Uncorr. ECC |
| Fan  Temp   Perf          Pwr:Usage/Cap |           Memory-Usage | GPU-Util  Compute M. |
|                                         |                        |               MIG M. |
|=========================================+========================+======================|
|   0  NVIDIA RTX 5000 Ada Gene...    Off |   00000000:01:00.0 Off |                  Off |
| 30%   27C    P8             12W /  250W |       2MiB /  32760MiB |      0%      Default |
|                                         |                        |                  N/A |
+-----------------------------------------+------------------------+----------------------+
|   1  NVIDIA RTX 5000 Ada Gene...    Off |   00000000:02:00.0 Off |                  Off |
| 30%   28C    P8              9W /  250W |       2MiB /  32760MiB |      0%      Default |
|                                         |                        |                  N/A |
+-----------------------------------------+------------------------+----------------------+
|   2  NVIDIA RTX 5000 Ada Gene...    Off |   00000000:C1:00.0 Off |                  Off |
| 30%   26C    P8             16W /  250W |       2MiB /  32760MiB |      0%      Default |
|                                         |                        |                  N/A |
+-----------------------------------------+------------------------+----------------------+

+-----------------------------------------------------------------------------------------+
| Processes:                                                                              |
|  GPU   GI   CI              PID   Type   Process name                        GPU Memory |
|        ID   ID                                                               Usage      |
|=========================================================================================|
|  No running processes found                                                             |
+-----------------------------------------------------------------------------------------+
